_______________________________________________________________________________________________________
|              STACK              |              INPUT              |              ACTION             |
_______________________________________________________________________________________________________
|$                                |id = ( ( num - num ) + id ) * num $ |                                 |
|$ ID                             |= ( ( num - num ) + id ) * num $ |Shift                            |
|$ ID =                           |( ( num - num ) + id ) * num $   |Shift                            |
|$ ID = (                         |( num - num ) + id ) * num $     |Shift                            |
|$ ID = ( (                       |num - num ) + id ) * num $       |Shift                            |
|$ ID = ( ( ID_NUM                |- num ) + id ) * num $           |Shift                            |
|$ ID = ( ( F                     |- num ) + id ) * num $           |Reduce F -> id | num             |
|$ ID = ( ( T                     |- num ) + id ) * num $           |Reduce T -> F                    |
|$ ID = ( ( E                     |- num ) + id ) * num $           |Reduce E -> T                    |
|$ ID = ( ( E +                   |num ) + id ) * num $             |Shift                            |
|$ ID = ( ( E + ID_NUM            |) + id ) * num $                 |Shift                            |
|$ ID = ( ( E + F                 |) + id ) * num $                 |Reduce F -> id | num             |
|$ ID = ( ( E + T                 |) + id ) * num $                 |Reduce T -> F                    |
|$ ID = ( ( E                     |) + id ) * num $                 |Reduce E -> E + T                |
|$ ID = ( ( E )                   |+ id ) * num $                   |Shift                            |
|$ ID = ( F                       |+ id ) * num $                   |Reduce F -> (E)                  |
|$ ID = ( T                       |+ id ) * num $                   |Reduce T -> F                    |
|$ ID = ( E                       |+ id ) * num $                   |Reduce E -> T                    |
|$ ID = ( E +                     |id ) * num $                     |Shift                            |
|$ ID = ( E + ID_NUM              |) * num $                        |Shift                            |
|$ ID = ( E + F                   |) * num $                        |Reduce F -> id | num             |
|$ ID = ( E + T                   |) * num $                        |Reduce T -> F                    |
|$ ID = ( E                       |) * num $                        |Reduce E -> E + T                |
|$ ID = ( E )                     |* num $                          |Shift                            |
|$ ID = F                         |* num $                          |Reduce F -> (E)                  |
|$ ID = T                         |* num $                          |Reduce T -> F                    |
|$ ID = T *                       |num $                            |Shift                            |
|$ ID = T * ID_NUM                |$                                |Shift                            |
|$ ID = T * F                     |$                                |Reduce F -> id | num             |
|$ ID = T                         |$                                |Reduce T -> T * F                |
|$ ID = E                         |$                                |Reduce E -> T                    |
|$ I                              |$                                |Reduce I -> ID = E               |
|$ E'                             |$                                |Reduce E' -> I                   |
_______________________________________________________________________________________________________
