_______________________________________________________________________________________________________
|              STACK              |              INPUT              |              ACTION             |
_______________________________________________________________________________________________________
|$                                |id = ( num + $                   |                                 |
|$ ID                             |= ( num + $                      |Shift                            |
|$ ID =                           |( num + $                        |Shift                            |
|$ ID = (                         |num + $                          |Shift                            |
|$ ID = ( ID_NUM                  |+ $                              |Shift                            |
|$ ID = ( F                       |+ $                              |Reduce F -> id | num             |
|$ ID = ( T                       |+ $                              |Reduce T -> F                    |
|$ ID = ( E                       |+ $                              |Reduce E -> T                    |
|$ ID = ( E +                     |$                                |Shift                            |
libc++abi: terminating due to uncaught exception of type std::logic_error: ERROR: can't reduce
