_______________________________________________________________________________________________________
|              STACK              |              INPUT              |              ACTION             |
_______________________________________________________________________________________________________
|                                 |id = = num $                     |                                 |
|ID                               |= = num $                        |Shift                            |
|ID =                             |= num $                          |Shift                            |
[31mERROR:[0m in front of = have to be ID!
