_______________________________________________________________________________________________________
|              STACK              |              INPUT              |              ACTION             |
_______________________________________________________________________________________________________
|$                                |id - id $                        |                                 |
|$ ID_NUM                         |- id $                           |Shift                            |
|$ F                              |- id $                           |Reduce F -> id | num             |
|$ T                              |- id $                           |Reduce T -> F                    |
|$ E                              |- id $                           |Reduce E -> T                    |
|$ E +                            |id $                             |Shift                            |
|$ E + ID_NUM                     |$                                |Shift                            |
|$ E + F                          |$                                |Reduce F -> id | num             |
|$ E + T                          |$                                |Reduce T -> F                    |
|$ E                              |$                                |Reduce E -> E + T                |
|$ I                              |$                                |Reduce I -> E                    |
|$ E'                             |$                                |Reduce E' -> I                   |
_______________________________________________________________________________________________________
