_______________________________________________________________________________________________________
|              STACK              |              INPUT              |              ACTION             |
_______________________________________________________________________________________________________
|                                 |id - id $                        |                                 |
|ID                               |- id $                           |Shift                            |
|ID_NUM                           |- id $                           |Reduce ID_NUM -> ID              |
|F                                |- id $                           |Reduce F -> id | num             |
|T                                |- id $                           |Reduce T -> F                    |
|E                                |- id $                           |Reduce E -> T                    |
|E +                              |id $                             |Shift                            |
|E + ID                           |$                                |Shift                            |
|E + ID_NUM                       |$                                |Reduce ID_NUM -> ID              |
|E + F                            |$                                |Reduce F -> id | num             |
|E + T                            |$                                |Reduce T -> F                    |
|E                                |$                                |Reduce E -> E + T | E - T        |
|I                                |$                                |Reduce I -> E                    |
|E'                               |$                                |Reduce E' -> I                   |
_______________________________________________________________________________________________________
