_______________________________________________________________________________________________________
|              STACK              |              INPUT              |              ACTION             |
_______________________________________________________________________________________________________
|                                 |num = ( id + num ) $             |                                 |
|ID_NUM                           |= ( id + num ) $                 |Shift                            |
[31mERROR:[0m unexpected symbol!
