_______________________________________________________________________________________________________
|              STACK              |              INPUT              |              ACTION             |
_______________________________________________________________________________________________________
|$                                |id = id = num $                  |                                 |
|$ ID                             |= id = num $                     |Shift                            |
|$ ID =                           |id = num $                       |Shift                            |
|$ ID = ID_NUM                    |= num $                          |Shift                            |
|$ ID = F                         |= num $                          |Reduce F -> id | num             |
|$ ID = T                         |= num $                          |Reduce T -> F                    |
|$ ID = E                         |= num $                          |Reduce E -> T                    |
|$ I                              |= num $                          |Reduce I -> ID = E               |
|$ E'                             |= num $                          |Reduce E' -> I                   |
libc++abi: terminating due to uncaught exception of type std::logic_error: ERROR: can't reduce
